// Vitest Snapshot v1

exports[`formatRange > formatRange({
  numbers: [
    10,           24,
    27,           14,
    0,            8,
    6,            20,
    5,            2,
    19,           15,
    4,            28,
    21,           30,
    [length]: 16
  ]
}) 1`] = `"0, 2, 4-6, 8, 10, 14-15, 19-21, 24, 27-28 and 30"`;

exports[`formatRange > formatRange({ numbers: [ 1, 2, 3, 4, 5, 6, 7, 8, 9, 10, [length]: 10 ] }) 1`] = `"1-10"`;

exports[`formatRange > formatRange({ numbers: [ 1, 2, 3, 4, 5, 6, 7, 8, 9, 10, 11, [length]: 11 ] }) 1`] = `"1-11"`;

exports[`formatRange > formatRange({ numbers: [ 1, 3, 4, 5, 6, 7, 8, 9, 10, 11, [length]: 10 ] }) 1`] = `"1, 3-11"`;
